▲ Next.js 16.1.1 (Turbopack)

⚠ The "middleware" file convention is deprecated. Please use "proxy" instead. Learn more: https://nextjs.org/docs/messages/middleware-to-proxy
  Creating an optimized production build ...

> Build error occurred
Error: Turbopack build failed with 6 errors:
./lib/inngest/client.ts:2:1
Module not found: Can't resolve 'inngest'
[0m [90m 1 |[39m
[31m[1m>[22m[39m[90m 2 |[39m [36mimport[39m { [33mInngest[39m } [36mfrom[39m [32m"inngest"[39m
 [90m   |[39m [31m[1m^[22m[39m[31m[1m^[22m[39m[31m[1m^[22m[39m[31m[1m^[22m[39m[31m[1m^[22m[39m[31m[1m^[22m[39m[31m[1m^[22m[39m[31m[1m^[22m[39m[31m[1m^[22m[39m[31m[1m^[22m[39m[31m[1m^[22m[39m[31m[1m^[22m[39m[31m[1m^[22m[39m[31m[1m^[22m[39m[31m[1m^[22m[39m[31m[1m^[22m[39m[31m[1m^[22m[39m[31m[1m^[22m[39m[31m[1m^[22m[39m[31m[1m^[22m[39m[31m[1m^[22m[39m[31m[1m^[22m[39m[31m[1m^[22m[39m[31m[1m^[22m[39m[31m[1m^[22m[39m[31m[1m^[22m[39m[31m[1m^[22m[39m[31m[1m^[22m[39m[31m[1m^[22m[39m[31m[1m^[22m[39m[31m[1m^[22m[39m[31m[1m^[22m[39m[31m[1m^[22m[39m
 [90m 3 |[39m
 [90m 4 |[39m [90m// Create a client to send and receive events[39m
 [90m 5 |[39m [36mexport[39m [36mconst[39m inngest [33m=[39m [36mnew[39m [33mInngest[39m({ id[33m:[39m [32m"mvp-daddy-connect"[39m })[0m



Import trace:
  App Route:
    ./lib/inngest/client.ts
    ./app/api/inngest/route.ts

https://nextjs.org/docs/messages/module-not-found


./app/api/inngest/route.ts:2:1
Module not found: Can't resolve 'inngest/next'
[0m [90m 1 |[39m
[31m[1m>[22m[39m[90m 2 |[39m [36mimport[39m { serve } [36mfrom[39m [32m"inngest/next"[39m
 [90m   |[39m [31m[1m^[22m[39m[31m[1m^[22m[39m[31m[1m^[22m[39m[31m[1m^[22m[39m[31m[1m^[22m[39m[31m[1m^[22m[39m[31m[1m^[22m[39m[31m[1m^[22m[39m[31m[1m^[22m[39m[31m[1m^[22m[39m[31m[1m^[22m[39m[31m[1m^[22m[39m[31m[1m^[22m[39m[31m[1m^[22m[39m[31m[1m^[22m[39m[31m[1m^[22m[39m[31m[1m^[22m[39m[31m[1m^[22m[39m[31m[1m^[22m[39m[31m[1m^[22m[39m[31m[1m^[22m[39m[31m[1m^[22m[39m[31m[1m^[22m[39m[31m[1m^[22m[39m[31m[1m^[22m[39m[31m[1m^[22m[39m[31m[1m^[22m[39m[31m[1m^[22m[39m[31m[1m^[22m[39m[31m[1m^[22m[39m[31m[1m^[22m[39m[31m[1m^[22m[39m[31m[1m^[22m[39m[31m[1m^[22m[39m[31m[1m^[22m[39m[31m[1m^[22m[39m
 [90m 3 |[39m [36mimport[39m { inngest } [36mfrom[39m [32m"@/lib/inngest/client"[39m
 [90m 4 |[39m [36mimport[39m { sendBroadcastCampaign } [36mfrom[39m [32m"@/functions/broadcast"[39m
 [90m 5 |[39m[0m



https://nextjs.org/docs/messages/module-not-found


./components/contacts/csv-uploader.tsx:6:1
Module not found: Can't resolve 'papaparse'
[0m [90m 4 |[39m [36mimport[39m { useCallback } [36mfrom[39m [32m"react"[39m
 [90m 5 |[39m [36mimport[39m { useDropzone } [36mfrom[39m [32m"react-dropzone"[39m
[31m[1m>[22m[39m[90m 6 |[39m [36mimport[39m [33mPapa[39m [36mfrom[39m [32m"papaparse"[39m
 [90m   |[39m [31m[1m^[22m[39m[31m[1m^[22m[39m[31m[1m^[22m[39m[31m[1m^[22m[39m[31m[1m^[22m[39m[31m[1m^[22m[39m[31m[1m^[22m[39m[31m[1m^[22m[39m[31m[1m^[22m[39m[31m[1m^[22m[39m[31m[1m^[22m[39m[31m[1m^[22m[39m[31m[1m^[22m[39m[31m[1m^[22m[39m[31m[1m^[22m[39m[31m[1m^[22m[39m[31m[1m^[22m[39m[31m[1m^[22m[39m[31m[1m^[22m[39m[31m[1m^[22m[39m[31m[1m^[22m[39m[31m[1m^[22m[39m[31m[1m^[22m[39m[31m[1m^[22m[39m[31m[1m^[22m[39m[31m[1m^[22m[39m[31m[1m^[22m[39m[31m[1m^[22m[39m
 [90m 7 |[39m [36mimport[39m { [33mUploadCloud[39m } [36mfrom[39m [32m"lucide-react"[39m
 [90m 8 |[39m [36mimport[39m { toast } [36mfrom[39m [32m"sonner"[39m
 [90m 9 |[39m[0m



Import traces:
  Client Component Browser:
    ./components/contacts/csv-uploader.tsx [Client Component Browser]
    ./app/dashboard/contacts/page.tsx [Client Component Browser]
    ./app/dashboard/contacts/page.tsx [Server Component]

  Client Component SSR:
    ./components/contacts/csv-uploader.tsx [Client Component SSR]
    ./app/dashboard/contacts/page.tsx [Client Component SSR]
    ./app/dashboard/contacts/page.tsx [Server Component]

https://nextjs.org/docs/messages/module-not-found


./app/dashboard/contacts/page.tsx:8:1
Module not found: Can't resolve 'sonner'
[0m [90m  6 |[39m [36mimport[39m { [33mColumnMapper[39m } [36mfrom[39m [32m"@/components/contacts/column-mapper"[39m
 [90m  7 |[39m [36mimport[39m { importContacts } [36mfrom[39m [32m"./actions"[39m
[31m[1m>[22m[39m[90m  8 |[39m [36mimport[39m { toast } [36mfrom[39m [32m"sonner"[39m
 [90m    |[39m [31m[1m^[22m[39m[31m[1m^[22m[39m[31m[1m^[22m[39m[31m[1m^[22m[39m[31m[1m^[22m[39m[31m[1m^[22m[39m[31m[1m^[22m[39m[31m[1m^[22m[39m[31m[1m^[22m[39m[31m[1m^[22m[39m[31m[1m^[22m[39m[31m[1m^[22m[39m[31m[1m^[22m[39m[31m[1m^[22m[39m[31m[1m^[22m[39m[31m[1m^[22m[39m[31m[1m^[22m[39m[31m[1m^[22m[39m[31m[1m^[22m[39m[31m[1m^[22m[39m[31m[1m^[22m[39m[31m[1m^[22m[39m[31m[1m^[22m[39m[31m[1m^[22m[39m[31m[1m^[22m[39m[31m[1m^[22m[39m[31m[1m^[22m[39m[31m[1m^[22m[39m[31m[1m^[22m[39m[31m[1m^[22m[39m
 [90m  9 |[39m [36mimport[39m { [33mCard[39m[33m,[39m [33mCardContent[39m[33m,[39m [33mCardHeader[39m[33m,[39m [33mCardTitle[39m } [36mfrom[39m [32m"@/components/ui/card"[39m
 [90m 10 |[39m
 [90m 11 |[39m [36mexport[39m [36mdefault[39m [36mfunction[39m [33mContactsPage[39m() {[0m



Import traces:
  Client Component Browser:
    ./app/dashboard/contacts/page.tsx [Client Component Browser]
    ./app/dashboard/contacts/page.tsx [Server Component]

  Client Component SSR:
    ./app/dashboard/contacts/page.tsx [Client Component SSR]
    ./app/dashboard/contacts/page.tsx [Server Component]

https://nextjs.org/docs/messages/module-not-found


./components/contacts/csv-uploader.tsx:8:1
Module not found: Can't resolve 'sonner'
[0m [90m  6 |[39m [36mimport[39m [33mPapa[39m [36mfrom[39m [32m"papaparse"[39m
 [90m  7 |[39m [36mimport[39m { [33mUploadCloud[39m } [36mfrom[39m [32m"lucide-react"[39m
[31m[1m>[22m[39m[90m  8 |[39m [36mimport[39m { toast } [36mfrom[39m [32m"sonner"[39m
 [90m    |[39m [31m[1m^[22m[39m[31m[1m^[22m[39m[31m[1m^[22m[39m[31m[1m^[22m[39m[31m[1m^[22m[39m[31m[1m^[22m[39m[31m[1m^[22m[39m[31m[1m^[22m[39m[31m[1m^[22m[39m[31m[1m^[22m[39m[31m[1m^[22m[39m[31m[1m^[22m[39m[31m[1m^[22m[39m[31m[1m^[22m[39m[31m[1m^[22m[39m[31m[1m^[22m[39m[31m[1m^[22m[39m[31m[1m^[22m[39m[31m[1m^[22m[39m[31m[1m^[22m[39m[31m[1m^[22m[39m[31m[1m^[22m[39m[31m[1m^[22m[39m[31m[1m^[22m[39m[31m[1m^[22m[39m[31m[1m^[22m[39m[31m[1m^[22m[39m[31m[1m^[22m[39m[31m[1m^[22m[39m[31m[1m^[22m[39m
 [90m  9 |[39m
 [90m 10 |[39m [36minterface[39m [33mCsvUploaderProps[39m {
 [90m 11 |[39m     onDataParsed[33m:[39m (data[33m:[39m any[][33m,[39m headers[33m:[39m string[]) [33m=>[39m [36mvoid[39m[0m



Import traces:
  Client Component Browser:
    ./components/contacts/csv-uploader.tsx [Client Component Browser]
    ./app/dashboard/contacts/page.tsx [Client Component Browser]
    ./app/dashboard/contacts/page.tsx [Server Component]

  Client Component SSR:
    ./components/contacts/csv-uploader.tsx [Client Component SSR]
    ./app/dashboard/contacts/page.tsx [Client Component SSR]
    ./app/dashboard/contacts/page.tsx [Server Component]

https://nextjs.org/docs/messages/module-not-found


./components/templates/create-template-form.tsx:9:1
Module not found: Can't resolve 'sonner'
[0m [90m  7 |[39m [36mimport[39m [33m*[39m [36mas[39m z [36mfrom[39m [32m"zod"[39m
 [90m  8 |[39m [36mimport[39m { [33mLoader2[39m[33m,[39m [33mPlus[39m[33m,[39m [33mTrash2[39m } [36mfrom[39m [32m"lucide-react"[39m
[31m[1m>[22m[39m[90m  9 |[39m [36mimport[39m { toast } [36mfrom[39m [32m"sonner"[39m
 [90m    |[39m [31m[1m^[22m[39m[31m[1m^[22m[39m[31m[1m^[22m[39m[31m[1m^[22m[39m[31m[1m^[22m[39m[31m[1m^[22m[39m[31m[1m^[22m[39m[31m[1m^[22m[39m[31m[1m^[22m[39m[31m[1m^[22m[39m[31m[1m^[22m[39m[31m[1m^[22m[39m[31m[1m^[22m[39m[31m[1m^[22m[39m[31m[1m^[22m[39m[31m[1m^[22m[39m[31m[1m^[22m[39m[31m[1m^[22m[39m[31m[1m^[22m[39m[31m[1m^[22m[39m[31m[1m^[22m[39m[31m[1m^[22m[39m[31m[1m^[22m[39m[31m[1m^[22m[39m[31m[1m^[22m[39m[31m[1m^[22m[39m[31m[1m^[22m[39m[31m[1m^[22m[39m[31m[1m^[22m[39m[31m[1m^[22m[39m
 [90m 10 |[39m
 [90m 11 |[39m [36mimport[39m { [33mButton[39m } [36mfrom[39m [32m"@/components/ui/button"[39m
 [90m 12 |[39m [36mimport[39m {[0m



Import traces:
  Client Component Browser:
    ./components/templates/create-template-form.tsx [Client Component Browser]
    ./app/dashboard/templates/page.tsx [Client Component Browser]
    ./app/dashboard/templates/page.tsx [Server Component]

  Client Component SSR:
    ./components/templates/create-template-form.tsx [Client Component SSR]
    ./app/dashboard/templates/page.tsx [Client Component SSR]
    ./app/dashboard/templates/page.tsx [Server Component]

https://nextjs.org/docs/messages/module-not-found


    at <unknown> (./lib/inngest/client.ts:2:1)
    at <unknown> (https://nextjs.org/docs/messages/module-not-found)
    at <unknown> (./app/api/inngest/route.ts:2:1)
    at <unknown> (https://nextjs.org/docs/messages/module-not-found)
    at <unknown> (./components/contacts/csv-uploader.tsx:6:1)
    at <unknown> (https://nextjs.org/docs/messages/module-not-found)
    at <unknown> (./app/dashboard/contacts/page.tsx:8:1)
    at <unknown> (https://nextjs.org/docs/messages/module-not-found)
    at <unknown> (./components/contacts/csv-uploader.tsx:8:1)
    at <unknown> (https://nextjs.org/docs/messages/module-not-found)
    at <unknown> (./components/templates/create-template-form.tsx:9:1)
    at <unknown> (https://nextjs.org/docs/messages/module-not-found)
